1 files processed and stored to .default.obj
summary
    transactions: 7
    transactions_in: 3
    transactions_out: 4
    sum: -30.75
    sum_in: 60.84
    sum_out: -91.59
    avg: -4.39
