Usage: fin [OPTIONS] COMMAND [ARGS]...

  Manage personal finances, simply.

Options:
  --help  Show this message and exit.

Commands:
  import  Import a set of transactions from csv files.
  load    Load and display a stored report.
  report  Generate a basic report from a group of csv...
